// Jest Snapshot v1, https://goo.gl/fbAQLP

exports[`<InputControl /> component should match the snapshot 1`] = `
Array [
  <div
    className="rows"
  >
    <p>
      Start Location
    </p>
    <input
      className="input-control"
      name="start-location"
      onChange={[Function]}
      type="text"
    />
    <div
      className="error"
    >
       
      
    </div>
  </div>,
  <div
    className="rows"
  >
    <p>
      Drop Location
    </p>
    <input
      className="input-control"
      name="drop-location"
      onChange={[Function]}
      type="text"
    />
    <div
      className="error"
    >
       
      
    </div>
  </div>,
]
`;
