// Jest Snapshot v1, https://goo.gl/fbAQLP

exports[`<MsgBox /> component should match the snapshot 1`] = `
<div>
  <div
    className="msg-box"
  >
    <h2>
      Status:
    </h2>
    <div
      className="status msg"
    >
      <img
        alt="Rendering"
        height="18"
        src="info.svg"
        width="18"
      />
      <span>
        Rendering
      </span>
    </div>
    <div
      className="status"
    >
      <p>
        Total Distance: 
        <strong>
          1
           Km
        </strong>
      </p>
      <p>
        Total Time: 
        <strong>
          2
           Hrs
        </strong>
      </p>
    </div>
  </div>
</div>
`;
